
> web@0.1.0 build
> next build

▲ Next.js 16.3.3 (Turbopack)
- Environments: .env.local
✓ Running next.config.mjs took 21ms

  Creating an optimized production build ...

> Build error occurred
Error: Turbopack build failed with 1 error:
./apps/web/src/styles/globals.css
Error: Error evaluating Node.js code
Error: Cannot find module '@tailwindcss/postcss'
Require stack:
- D:\Projects\lokers-ai\apps\web\.next\build\chunks\[root-of-the-server]__1jlzd-w._.js
- D:\Projects\lokers-ai\apps\web\.next\build\chunks\[turbopack]_runtime.js
- D:\Projects\lokers-ai\apps\web\.next\build\chunks\pool_entry-[turbopack-node]_transforms_postcss_ts_209e2m8._.js
    [at Module._resolveFilename (node:internal/modules/cjs/loader:1500:15)]
    [at wrapResolveFilename (node:internal/modules/cjs/loader:1071:27)]
    [at defaultResolveImplForCJSLoading (node:internal/modules/cjs/loader:1095:10)]
    [at resolveForCJSWithHooks (node:internal/modules/cjs/loader:1116:12)]
    [at Module._load (node:internal/modules/cjs/loader:1285:25)]
    [at wrapModuleLoad (node:internal/modules/cjs/loader:255:19)]
    [at Module.require (node:internal/modules/cjs/loader:1600:12)]
    [at require (node:internal/modules/helpers:153:16)]
    at require (turbopack:///[turbopack-node]/transforms/postcss.ts?config=[project]/apps/web/postcss.config.js:49:25) [D:\Projects\lokers-ai\apps\web\.next\build\chunks\[root-of-the-server]__1jlzd-w._.js:110:33]
    [at <anonymous>]

Import trace:
  Client Component Browser:
    ./apps/web/src/styles/globals.css [Client Component Browser]
    ./apps/web/src/app/layout.tsx [Server Component]


    at require (turbopack:///[turbopack-node]/transforms/postcss.ts?config=[project]/apps/web/postcss.config.js:49:25) [D:\Projects\lokers-ai\apps\web\.next\build\chunks\[root-of-the-server]__1jlzd-w._.js:110:33])
npm error Lifecycle script `build` failed with error:
npm error code 1
npm error path D:\Projects\lokers-ai\apps\web
npm error workspace web@0.1.0
npm error location D:\Projects\lokers-ai\apps\web
npm error command failed
npm error command C:\WINDOWS\system32\cmd.exe /d /s /c next build
